Script started on 2019-11-21 23:52:11-0500
]0;youyi@DESKTOP-IOK6VFV: /mnt/c/YouyiUofT/CSC209/labs/dengyouy/lab10[01;32myouyi@DESKTOP-IOK6VFV[00m:[01;35m/mnt/c/YouyiUofT/CSC209/labs/dengyouy/lab10[00m$ gdb bufserver
GNU gdb (Ubuntu 8.1-0ubuntu3) 8.1.0.20180409-git
Copyright (C) 2018 Free Software Foundation, Inc.
License GPLv3+: GNU GPL version 3 or later <http://gnu.org/licenses/gpl.html>
This is free software: you are free to change and redistribute it.
There is NO WARRANTY, to the extent permitted by law.  Type "show copying"
and "show warranty" for details.
This GDB was configured as "x86_64-linux-gnu".
Type "show configuration" for configuration details.
For bug reporting instructions, please see:
<http://www.gnu.org/software/gdb/bugs/>.
Find the GDB manual and other documentation resources online at:
<http://www.gnu.org/software/gdb/documentation/>.
For help, type "help".
Type "apropos word" to search for commands related to "word"...
Reading symbols from bufserver...done.
(gdb) break main
Breakpoint 1 at 0xce2: file bufserver.c, line 18.
(gdb) run
Starting program: /mnt/c/YouyiUofT/CSC209/labs/dengyouy/lab10/bufserver 

Breakpoint 1, main () at bufserver.c:18
18	int main() {
(gdb) n
21	    setbuf(stdout, NULL);
(gdb) 
23	    struct sockaddr_in *self = init_server_addr(PORT);
(gdb) 
24	    int listenfd = set_up_server_socket(self, 5);
(gdb) 
27	        int fd = accept_connection(listenfd);
(gdb) 
Waiting for a new connection...
New connection accepted from 127.0.0.1:50066
28	        if (fd < 0) {
(gdb) 
33	        char buf[BUFSIZE] = {'\0'};
(gdb) 
34	        int inbuf = 0;           // How many bytes currently in buffer?
(gdb) 
35	        int room = sizeof(buf);  // How many bytes remaining in buffer?
(gdb) 
36	        char *after = buf;       // Pointer to position after the data in buf
(gdb) 
39	        while ((nbytes = read(fd, after, room)) > 0) {
(gdb) print int buf[K[K[K[K[Kbuf
$1 = 0
(gdb) print buf
$2 = '\000' <repeats 29 times>
(gdb) print room
$3 = 30
(gdb) n
41	            inbuf += nbytes;
(gdb) 
51	            while ((where = find_network_newline(buf, inbuf)) > 0) {
(gdb) 
57	                buf[where - 2] = '\0';
(gdb) print inbuf
$4 = 30
(gdb) print buf
$5 = "A stitch in time\r\nA stitch in "
(gdb) print room
$6 = 30
(gdb) print where
$7 = 18
(gdb) n
59	                printf("Next message: %s\n", buf);
(gdb) n
Next message: A stitch in time
65	                inbuf -= where;
(gdb) n
70	                memmove(buf, (buf + where), inbuf);
(gdb) print inbuf
$8 = 12
(gdb) print buf
$9 = "A stitch in time\000\nA stitch in "
(gdb) print ro[K[Kroom
$10 = 30
(gdb) n
51	            while ((where = find_network_newline(buf, inbuf)) > 0) {
(gdb) print room
$11 = 30
(gdb) n
75	            after = buf + inbuf;
(gdb) n
76	            room = sizeof(buf) - inbuf;
(gdb) n[Kprint room
$12 = 30
(gdb) n
39	        while ((nbytes = read(fd, after, room)) > 0) {
(gdb) gdb bufserver[K[K[K[K[K[K[K[K[K[K[K[K[Kprint room
$13 = 18
(gdb) n
41	            inbuf += nbytes;
(gdb) continue
Continuing.
Next message: A stitch in time
Next message: A stitch in time
Next message: A stitch in time
Next message: A stitch in time
Waiting for a new connection...
quit
^C
Program received signal SIGINT, Interrupt.
0x00007fffff1227e4 in __libc_accept (fd=3, addr=..., len=0x7ffffffee0a8) at ../sysdeps/unix/sysv/linux/accept.c:26
26	../sysdeps/unix/sysv/linux/accept.c: No such file or directory.
(gdb) quit
A debugging session is active.

	Inferior 1 [process 417] will be killed.

Quit anyway? (y or n) y
]0;youyi@DESKTOP-IOK6VFV: /mnt/c/YouyiUofT/CSC209/labs/dengyouy/lab10[01;32myouyi@DESKTOP-IOK6VFV[00m:[01;35m/mnt/c/YouyiUofT/CSC209/labs/dengyouy/lab10[00m$ exit
exit

Script done on 2019-11-22 00:01:07-0500
